
 Start  Stop   Length Name               Class

 00000H 029B9H 029BAH _TEXT              CODE
 029BAH 064FAH 03B41H DEVNET_TEXT        CODE
 06500H 08C76H 02777H EMU_PROG           CODE
 08C80H 09247H 005C8H E87_PROG           CODE
 09250H 09250H 00000H _FARDATA           FAR_DATA
 09250H 09250H 00000H _FARBSS            FAR_BSS
 09250H 09250H 00000H _OVERLAY_          OVRINFO
 09250H 09250H 00000H _1STUB_            STUBSEG
 09250H 09919H 006CAH _DATA              DATA
 0991AH 0991DH 00004H _CVTSEG            DATA
 0991EH 09929H 0000CH _SCNSEG            DATA
 0992AH 0992AH 00000H _CONST             CONST
 0992AH 09935H 0000CH _INIT_             INITDATA
 09936H 09936H 00000H _INITEND_          INITDATA
 09936H 0993BH 00006H _EXIT_             EXITDATA
 0993CH 0993CH 00000H _EXITEND_          EXITDATA
 0993CH 09A79H 0013EH _BSS               BSS
 09A7AH 09A7AH 00000H _BSSEND            BSSEND
 09A80H 09B8FH 00110H _STACK             STACK


Detailed map of segments

 0000:0000 0295 C=CODE   S=_TEXT          G=(none)  M=c0.ASM     ACBP=28
 0000:0295 0258 C=CODE   S=_TEXT          G=(none)  M=FPINIT     ACBP=28
 0000:04ED 0000 C=CODE   S=_TEXT          G=(none)  M=E87TRAP    ACBP=28
 0000:04ED 0000 C=CODE   S=_TEXT          G=(none)  M=PROTFLAG   ACBP=28
 0000:04ED 0000 C=CODE   S=_TEXT          G=(none)  M=DEFLT87    ACBP=28
 0000:04ED 0000 C=CODE   S=_TEXT          G=(none)  M=HUGEVAL    ACBP=28
 0000:04ED 009A C=CODE   S=_TEXT          G=(none)  M=LDTRUNC    ACBP=28
 0000:0587 0000 C=CODE   S=_TEXT          G=(none)  M=MATHWHY    ACBP=28
 0000:0587 01BD C=CODE   S=_TEXT          G=(none)  M=REALCVT    ACBP=28
 0000:0744 0395 C=CODE   S=_TEXT          G=(none)  M=SCANTOD    ACBP=28
 0000:0AD9 020C C=CODE   S=_TEXT          G=(none)  M=XCVT       ACBP=28
 0000:0CE5 00B1 C=CODE   S=_TEXT          G=(none)  M=FPERR      ACBP=28
 0000:0D96 00C9 C=CODE   S=_TEXT          G=(none)  M=_POW10     ACBP=28
 0000:0E5F 000B C=CODE   S=_TEXT          G=(none)  M=POW10D     ACBP=28
 0000:0E6A 002A C=CODE   S=_TEXT          G=(none)  M=MATHERR    ACBP=28
 0000:0E94 01FC C=CODE   S=_TEXT          G=(none)  M=POW        ACBP=28
 0000:1090 00A9 C=CODE   S=_TEXT          G=(none)  M=_MATHERR   ACBP=28
 0000:1139 002C C=CODE   S=_TEXT          G=(none)  M=FFTOL      ACBP=28
 0000:1165 002D C=CODE   S=_TEXT          G=(none)  M=ATEXIT     ACBP=28
 0000:1192 0000 C=CODE   S=_TEXT          G=(none)  M=CTYPE      ACBP=28
 0000:1192 0093 C=CODE   S=_TEXT          G=(none)  M=EXIT       ACBP=28
 0000:1225 0000 C=CODE   S=_TEXT          G=(none)  M=FILES      ACBP=28
 0000:1225 0000 C=CODE   S=_TEXT          G=(none)  M=FILES2     ACBP=28
 0000:1225 0000 C=CODE   S=_TEXT          G=(none)  M=FPSTKLEN   ACBP=28
 0000:1225 0020 C=CODE   S=_TEXT          G=(none)  M=GETVECT    ACBP=28
 0000:1245 0021 C=CODE   S=_TEXT          G=(none)  M=H_LLSH     ACBP=28
 0000:1266 0060 C=CODE   S=_TEXT          G=(none)  M=H_PADD     ACBP=28
 0000:12C6 004B C=CODE   S=_TEXT          G=(none)  M=IOERROR    ACBP=28
 0000:1311 0011 C=CODE   S=_TEXT          G=(none)  M=ISATTY     ACBP=28
 0000:1322 00A2 C=CODE   S=_TEXT          G=(none)  M=LONGTOA    ACBP=28
 0000:13C4 0029 C=CODE   S=_TEXT          G=(none)  M=LSEEK      ACBP=28
 0000:13ED 0021 C=CODE   S=_TEXT          G=(none)  M=N_PCMP     ACBP=28
 0000:140E 00BA C=CODE   S=_TEXT          G=(none)  M=SETUPIO    ACBP=28
 0000:14C8 0000 C=CODE   S=_TEXT          G=(none)  M=SIGDATA    ACBP=28
 0000:14C8 0000 C=CODE   S=_TEXT          G=(none)  M=STKLEN     ACBP=28
 0000:14C8 04DB C=CODE   S=_TEXT          G=(none)  M=VPRINTER   ACBP=28
 0000:19A3 001F C=CODE   S=_TEXT          G=(none)  M=CVTFAK     ACBP=28
 0000:19C2 0432 C=CODE   S=_TEXT          G=(none)  M=FARHEAP    ACBP=28
 0000:1DF4 0140 C=CODE   S=_TEXT          G=(none)  M=FBRK       ACBP=28
 0000:1F34 0004 C=CODE   S=_TEXT          G=(none)  M=REALCVT    ACBP=28
 0000:1F38 001C C=CODE   S=_TEXT          G=(none)  M=SETBLOCK   ACBP=28
 0000:1F54 00CD C=CODE   S=_TEXT          G=(none)  M=FFLUSH     ACBP=28
 0000:2021 0042 C=CODE   S=_TEXT          G=(none)  M=FLUSHALL   ACBP=28
 0000:2063 001C C=CODE   S=_TEXT          G=(none)  M=FPRINTF    ACBP=28
 0000:207F 01E2 C=CODE   S=_TEXT          G=(none)  M=FSEEK      ACBP=28
 0000:2261 0024 C=CODE   S=_TEXT          G=(none)  M=MEMCPY     ACBP=28
 0000:2285 0043 C=CODE   S=_TEXT          G=(none)  M=MEMSET     ACBP=28
 0000:22C8 03C8 C=CODE   S=_TEXT          G=(none)  M=PUTC       ACBP=28
 0000:2690 011D C=CODE   S=_TEXT          G=(none)  M=SETVBUF    ACBP=28
 0000:27AD 0029 C=CODE   S=_TEXT          G=(none)  M=STRCPY     ACBP=28
 0000:27D6 001F C=CODE   S=_TEXT          G=(none)  M=STRLEN     ACBP=28
 0000:27F5 0151 C=CODE   S=_TEXT          G=(none)  M=WRITE      ACBP=28
 0000:2946 003C C=CODE   S=_TEXT          G=(none)  M=WRITEA     ACBP=28
 0000:2982 0038 C=CODE   S=_TEXT          G=(none)  M=XFFLUSH    ACBP=28
 029B:000A 3B41 C=CODE   S=DEVNET_TEXT    G=(none)  M=DEVNET.CPP ACBP=28
 0650:0000 0000 C=CODE   S=EMU_PROG       G=(none)  M=FPINIT     ACBP=68
 0650:0000 2777 C=CODE   S=EMU_PROG       G=(none)  M=EMU086     ACBP=68
 08C8:0000 0000 C=CODE   S=E87_PROG       G=(none)  M=FPINIT     ACBP=68
 08C8:0000 03E3 C=CODE   S=E87_PROG       G=(none)  M=EMU087     ACBP=68
 08C8:03F0 01D8 C=CODE   S=E87_PROG       G=(none)  M=E87TRAP    ACBP=68
 0925:0000 0000 C=FAR_DATA S=_FARDATA       G=(none)  M=c0.ASM     ACBP=68
 0925:0000 0000 C=FAR_BSS S=_FARBSS        G=(none)  M=c0.ASM     ACBP=68
 0925:0000 0000 C=OVRINFO S=_OVERLAY_      G=(none)  M=c0.ASM     ACBP=68
 0925:0000 0000 C=STUBSEG S=_1STUB_        G=(none)  M=c0.ASM     ACBP=68
 0925:0000 0093 C=DATA   S=_DATA          G=DGROUP  M=c0.ASM     ACBP=68
 0925:0094 0096 C=DATA   S=_DATA          G=DGROUP  M=DEVNET.CPP ACBP=48
 0925:0130 0002 C=DATA   S=_DATA          G=DGROUP  M=FPINIT     ACBP=68
 0925:0140 0000 C=DATA   S=_DATA          G=DGROUP  M=E87TRAP    ACBP=68
 0925:0140 0003 C=DATA   S=_DATA          G=DGROUP  M=PROTFLAG   ACBP=48
 0925:0144 0002 C=DATA   S=_DATA          G=DGROUP  M=DEFLT87    ACBP=48
 0925:0146 0024 C=DATA   S=_DATA          G=DGROUP  M=HUGEVAL    ACBP=48
 0925:016A 0000 C=DATA   S=_DATA          G=DGROUP  M=LDTRUNC    ACBP=48
 0925:016A 0043 C=DATA   S=_DATA          G=DGROUP  M=MATHWHY    ACBP=48
 0925:01AE 0000 C=DATA   S=_DATA          G=DGROUP  M=REALCVT    ACBP=48
 0925:01AE 0018 C=DATA   S=_DATA          G=DGROUP  M=SCANTOD    ACBP=48
 0925:01C6 0000 C=DATA   S=_DATA          G=DGROUP  M=XCVT       ACBP=48
 0925:01C6 009A C=DATA   S=_DATA          G=DGROUP  M=FPERR      ACBP=48
 0925:0260 0080 C=DATA   S=_DATA          G=DGROUP  M=_POW10     ACBP=48
 0925:02E0 0000 C=DATA   S=_DATA          G=DGROUP  M=POW10D     ACBP=48
 0925:02E0 0000 C=DATA   S=_DATA          G=DGROUP  M=MATHERR    ACBP=48
 0925:02E0 0010 C=DATA   S=_DATA          G=DGROUP  M=POW        ACBP=48
 0925:02F0 000E C=DATA   S=_DATA          G=DGROUP  M=_MATHERR   ACBP=48
 0925:02FE 0000 C=DATA   S=_DATA          G=DGROUP  M=FFTOL      ACBP=48
 0925:02FE 0002 C=DATA   S=_DATA          G=DGROUP  M=ATEXIT     ACBP=48
 0925:0300 0101 C=DATA   S=_DATA          G=DGROUP  M=CTYPE      ACBP=48
 0925:0402 000C C=DATA   S=_DATA          G=DGROUP  M=EXIT       ACBP=48
 0925:040E 0190 C=DATA   S=_DATA          G=DGROUP  M=FILES      ACBP=48
 0925:059E 002A C=DATA   S=_DATA          G=DGROUP  M=FILES2     ACBP=48
 0925:05C8 0002 C=DATA   S=_DATA          G=DGROUP  M=FPSTKLEN   ACBP=48
 0925:05CA 0000 C=DATA   S=_DATA          G=DGROUP  M=GETVECT    ACBP=48
 0925:05CA 0000 C=DATA   S=_DATA          G=DGROUP  M=H_LLSH     ACBP=48
 0925:05CA 0000 C=DATA   S=_DATA          G=DGROUP  M=H_PADD     ACBP=48
 0925:05CA 005B C=DATA   S=_DATA          G=DGROUP  M=IOERROR    ACBP=48
 0925:0626 0000 C=DATA   S=_DATA          G=DGROUP  M=ISATTY     ACBP=48
 0925:0626 0000 C=DATA   S=_DATA          G=DGROUP  M=LONGTOA    ACBP=48
 0925:0626 0000 C=DATA   S=_DATA          G=DGROUP  M=LSEEK      ACBP=48
 0925:0626 0000 C=DATA   S=_DATA          G=DGROUP  M=N_PCMP     ACBP=48
 0925:0626 0000 C=DATA   S=_DATA          G=DGROUP  M=SETUPIO    ACBP=48
 0925:0626 0000 C=DATA   S=_DATA          G=DGROUP  M=SIGDATA    ACBP=48
 0925:0626 0002 C=DATA   S=_DATA          G=DGROUP  M=STKLEN     ACBP=48
 0925:0628 0067 C=DATA   S=_DATA          G=DGROUP  M=VPRINTER   ACBP=48
 0925:0690 0031 C=DATA   S=_DATA          G=DGROUP  M=CVTFAK     ACBP=48
 0925:06C2 0000 C=DATA   S=_DATA          G=DGROUP  M=FARHEAP    ACBP=48
 0925:06C2 0002 C=DATA   S=_DATA          G=DGROUP  M=FBRK       ACBP=48
 0925:06C4 0000 C=DATA   S=_DATA          G=DGROUP  M=REALCVT    ACBP=48
 0925:06C4 0000 C=DATA   S=_DATA          G=DGROUP  M=SETBLOCK   ACBP=48
 0925:06C4 0000 C=DATA   S=_DATA          G=DGROUP  M=FFLUSH     ACBP=48
 0925:06C4 0000 C=DATA   S=_DATA          G=DGROUP  M=FLUSHALL   ACBP=48
 0925:06C4 0000 C=DATA   S=_DATA          G=DGROUP  M=FPRINTF    ACBP=48
 0925:06C4 0000 C=DATA   S=_DATA          G=DGROUP  M=FSEEK      ACBP=48
 0925:06C4 0000 C=DATA   S=_DATA          G=DGROUP  M=MEMCPY     ACBP=48
 0925:06C4 0000 C=DATA   S=_DATA          G=DGROUP  M=MEMSET     ACBP=48
 0925:06C4 0001 C=DATA   S=_DATA          G=DGROUP  M=PUTC       ACBP=48
 0925:06C6 0004 C=DATA   S=_DATA          G=DGROUP  M=SETVBUF    ACBP=48
 0925:06CA 0000 C=DATA   S=_DATA          G=DGROUP  M=STRCPY     ACBP=48
 0925:06CA 0000 C=DATA   S=_DATA          G=DGROUP  M=STRLEN     ACBP=48
 0925:06CA 0000 C=DATA   S=_DATA          G=DGROUP  M=WRITE      ACBP=48
 0925:06CA 0000 C=DATA   S=_DATA          G=DGROUP  M=WRITEA     ACBP=48
 0925:06CA 0000 C=DATA   S=_DATA          G=DGROUP  M=XFFLUSH    ACBP=48
 0925:06CA 0000 C=DATA   S=_CVTSEG        G=DGROUP  M=c0.ASM     ACBP=48
 0925:06CA 0002 C=DATA   S=_CVTSEG        G=DGROUP  M=REALCVT    ACBP=48
 0925:06CC 0002 C=DATA   S=_CVTSEG        G=DGROUP  M=CVTFAK     ACBP=48
 0925:06CE 0000 C=DATA   S=_CVTSEG        G=DGROUP  M=REALCVT    ACBP=48
 0925:06CE 0000 C=DATA   S=_SCNSEG        G=DGROUP  M=c0.ASM     ACBP=48
 0925:06CE 0006 C=DATA   S=_SCNSEG        G=DGROUP  M=SCANTOD    ACBP=48
 0925:06D4 0006 C=DATA   S=_SCNSEG        G=DGROUP  M=CVTFAK     ACBP=48
 0925:06DA 0000 C=CONST  S=_CONST         G=DGROUP  M=c0.ASM     ACBP=48
 0925:06DA 0000 C=INITDATA S=_INIT_         G=DGROUP  M=c0.ASM     ACBP=48
 0925:06DA 0006 C=INITDATA S=_INIT_         G=DGROUP  M=FPINIT     ACBP=48
 0925:06E0 0006 C=INITDATA S=_INIT_         G=DGROUP  M=SETUPIO    ACBP=48
 0925:06E6 0000 C=INITDATA S=_INITEND_      G=DGROUP  M=c0.ASM     ACBP=28
 0925:06E6 0000 C=EXITDATA S=_EXIT_         G=DGROUP  M=c0.ASM     ACBP=48
 0925:06E6 0006 C=EXITDATA S=_EXIT_         G=DGROUP  M=FPINIT     ACBP=48
 0925:06EC 0000 C=EXITDATA S=_EXITEND_      G=DGROUP  M=c0.ASM     ACBP=28
 0925:06EC 0000 C=BSS    S=_BSS           G=DGROUP  M=c0.ASM     ACBP=48
 0925:06EC 00B8 C=BSS    S=_BSS           G=DGROUP  M=DEVNET.CPP ACBP=48
 0925:07A4 0000 C=BSS    S=_BSS           G=DGROUP  M=LDTRUNC    ACBP=48
 0925:07A4 0000 C=BSS    S=_BSS           G=DGROUP  M=REALCVT    ACBP=48
 0925:07A4 0000 C=BSS    S=_BSS           G=DGROUP  M=SCANTOD    ACBP=48
 0925:07A4 0000 C=BSS    S=_BSS           G=DGROUP  M=XCVT       ACBP=48
 0925:07A4 0000 C=BSS    S=_BSS           G=DGROUP  M=_POW10     ACBP=48
 0925:07A4 0000 C=BSS    S=_BSS           G=DGROUP  M=POW        ACBP=48
 0925:07A4 0080 C=BSS    S=_BSS           G=DGROUP  M=ATEXIT     ACBP=48
 0925:0824 0000 C=BSS    S=_BSS           G=DGROUP  M=GETVECT    ACBP=48
 0925:0824 0000 C=BSS    S=_BSS           G=DGROUP  M=IOERROR    ACBP=48
 0925:0824 0000 C=BSS    S=_BSS           G=DGROUP  M=ISATTY     ACBP=48
 0925:0824 0000 C=BSS    S=_BSS           G=DGROUP  M=LONGTOA    ACBP=48
 0925:0824 0000 C=BSS    S=_BSS           G=DGROUP  M=LSEEK      ACBP=48
 0925:0824 0000 C=BSS    S=_BSS           G=DGROUP  M=SETUPIO    ACBP=48
 0925:0824 0004 C=BSS    S=_BSS           G=DGROUP  M=SIGDATA    ACBP=48
 0925:0828 0000 C=BSS    S=_BSS           G=DGROUP  M=VPRINTER   ACBP=48
 0925:0828 0000 C=BSS    S=_BSS           G=DGROUP  M=SETBLOCK   ACBP=48
 0925:0828 0000 C=BSS    S=_BSS           G=DGROUP  M=MEMCPY     ACBP=48
 0925:0828 0000 C=BSS    S=_BSS           G=DGROUP  M=MEMSET     ACBP=48
 0925:0828 0001 C=BSS    S=_BSS           G=DGROUP  M=PUTC       ACBP=48
 0925:082A 0000 C=BSS    S=_BSS           G=DGROUP  M=STRCPY     ACBP=48
 0925:082A 0000 C=BSS    S=_BSS           G=DGROUP  M=STRLEN     ACBP=48
 0925:082A 0000 C=BSS    S=_BSS           G=DGROUP  M=WRITEA     ACBP=48
 0925:082A 0000 C=BSSEND S=_BSSEND        G=DGROUP  M=c0.ASM     ACBP=28
 09A8:0000 0110 C=STACK  S=_STACK         G=(none)  M=c0.ASM     ACBP=74
 09A8:0000 0080 C=STACK  S=_STACK         G=(none)  M=EMUVARS    ACBP=78

  Address         Publics by Name

 0925:0094 idle  ANALOG_INPUT_POINT::class_revision
 029B:0518 idle  ANALOG_INPUT_POINT::compute_value()
 029B:03B9 idle  ANALOG_INPUT_POINT::get_value()
 029B:01B7 idle  ANALOG_INPUT_POINT::handle_class_inquiry(unsigned char far*,unsigned char far*)
 029B:0283 idle  ANALOG_INPUT_POINT::handle_explicit(unsigned char far*,unsigned char far*)
 029B:0404 idle  ANALOG_INPUT_POINT::read_a2d()
 029B:03C6 idle  ANALOG_INPUT_POINT::select_mux(unsigned char)
 0925:0096 idle  ASSEMBLY::class_revision
 029B:22A3 idle  ASSEMBLY::handle_class_inquiry(unsigned char far*,unsigned char far*)
 029B:236F idle  ASSEMBLY::handle_explicit(unsigned char far*,unsigned char far*)
 029B:24A0 idle  ASSEMBLY::handle_io_poll_request(unsigned char far*,unsigned char far*)
 029B:2451 idle  ASSEMBLY::update_data()
 029B:000A idle  can_isr()
 0925:009C idle  CONNECTION::class_revision
 029B:071F idle  CONNECTION::get_state()
 029B:072C idle  CONNECTION::get_timeout_action()
 029B:0964 idle  CONNECTION::handle_class_inquiry(unsigned char far*,unsigned char far*)
 029B:0A30 idle  CONNECTION::handle_explicit(unsigned char far*,unsigned char far*)
 029B:1041 idle  CONNECTION::link_consumer(unsigned char far*)
 029B:1490 idle  CONNECTION::link_producer(unsigned char far*)
 0925:00A0 idle  CONNECTION::path
 029B:073A idle  CONNECTION::set_state(unsigned char)
 0925:009A idle  DEVICENET::class_revision
 029B:2C89 idle  DEVICENET::consume_dup_mac(unsigned char far*)
 029B:24D5 idle  DEVICENET::handle_class_inquiry(unsigned char far*,unsigned char far*)
 029B:2A02 idle  DEVICENET::handle_explicit(unsigned char far*,unsigned char far*)
 029B:25A1 idle  DEVICENET::handle_timeout(unsigned char)
 029B:26ED idle  DEVICENET::handle_unconnected_port(unsigned char far*,unsigned char far*)
 029B:2BC4 idle  DEVICENET::send_dup_mac_response()
 0925:0098 idle  IDENTITY::class_revision
 029B:1E1B idle  IDENTITY::device_self_test()
 029B:1E0D idle  IDENTITY::get_state()
 029B:19BA idle  IDENTITY::handle_class_inquiry(unsigned char far*,unsigned char far*)
 029B:1A86 idle  IDENTITY::handle_explicit(unsigned char far*,unsigned char far*)
 029B:1F15 idle  IDENTITY::send_dup_mac_check_message()
 029B:1FD8 idle  IDENTITY::update_device()
 029B:3092 idle  init_can(unsigned char,unsigned char)
 0925:009E idle  ROUTER::class_revision
 029B:2CAE idle  ROUTER::handle_class_inquiry(unsigned char far*,unsigned char far*)
 029B:2D7A idle  ROUTER::handle_explicit(unsigned char far*,unsigned char far*)
 029B:2DEC idle  ROUTER::route(unsigned char far*,unsigned char far*)
 029B:010B idle  timer()
 0925:0000 idle  DATASEG@
 0000:0291 idle  DGROUP@
 0650:2152       e086_Entry
 0650:26E0       e086_Shortcut
 08C8:0306       e087_Entry
 08C8:03C6       e087_Shortcut
 08C8:0430       e087_Trap
 0000:FE32 idle  FIARQQ
 0000:0E32 idle  FICRQQ
 0000:5C32  Abs  FIDRQQ
 0000:1632  Abs  FIERQQ
 0000:0632  Abs  FISRQQ
 0000:A23D  Abs  FIWRQQ
 0000:4000 idle  FJARQQ
 0000:C000 idle  FJCRQQ
 0000:8000  Abs  FJSRQQ
 0000:1139 idle  FTOL@
 0000:1139       F_FTOL@
 0000:1248 idle  F_LXLSH@
 0000:1269 idle  F_PADD@
 0000:1298 idle  F_PSUB@
 0000:1248 idle  LXLSH@
 0000:1245       N_LXLSH@
 0000:1266       N_PADD@
 0000:13ED       N_PCMP@
 0000:1295 idle  N_PSUB@
 0000:1269 idle  PADD@
 0000:1298 idle  PSUB@
 0000:027A       _abort
 0000:1165 idle  _atexit
 0925:007F       _errno
 0000:11EA       _exit
 0000:1B02 idle  _farfree
 0000:1C16 idle  _farmalloc
 0000:1D7A idle  _farrealloc
 0000:1F54       _fflush
 0000:2021       _flushall
 0000:2063       _fprintf
 0000:22E4 idle  _fputc
 0000:2479 idle  _fputchar
 0000:1B02       _free
 0000:2101       _fseek
 0000:2181 idle  _ftell
 0000:1225 idle  _getvect
 0925:06EC idle  _global_CAN_buf
 0925:073C idle  _global_event
 0925:073E idle  _global_status
 0925:0740 idle  _global_timer
 0000:1311       _isatty
 0000:13C4       _lseek
 029B:3528       _main
 0000:1C0C       _malloc
 0000:0E6A       _matherr
 0000:2261       _memcpy
 0000:22A9       _memset
 0000:0F03       _pow
 0000:0E5F       _pow10
 0000:1D73 idle  _realloc
 0000:1F38       _setblock
 0000:2285 idle  _setmem
 0000:2690       _setvbuf
 0000:1234       _setvect
 0000:27AD       _strcpy
 0000:27D6       _strlen
 0925:0130 idle  __8087
 0000:1000 idle  __AHINCR
 0000:000C idle  __AHSHIFT
 0925:02FE       __atexitcnt
 0925:07A4       __atexittbl
 0000:1E6A       __brk
 0925:008B       __brklvl
 0925:006B idle  __C0argc
 0925:006D idle  __C0argv
 0925:0071 idle  __C0environ
 0000:120B idle  __cexit
 0000:016A       __checknull
 0000:0157       __cleanup
 0925:0300       __ctype
 0000:0000  Abs  __cvtfak
 0000:1219 idle  __c_exit
 0925:0144       __default87
 0925:05CA idle  __doserrno
 0000:12FF idle  __DOSERROR
 0925:05CC idle  __dosErrorToSV
 09A8:0000       __emu
 0925:0075 idle  __envLng
 0925:0077 idle  __envseg
 0925:0079 idle  __envSize
 0000:11F9       __exit
 0925:0402       __exitbuf
 0925:0406 idle  __exitfopen
 0925:040A idle  __exitopen
 0000:0E94 idle  __EXPL
 0000:8087 idle  __floatconvert
 0000:0CE5       __fperror
 0925:05C8       __fpstklen
 0000:04E9       __fpuint
 0000:22C8 idle  __fputc
 0000:248D       __FPUTN
 0925:0087       __heapbase
 0925:008F       __heaptop
 0925:014A       __huge_dble
 0925:0146 idle  __huge_flt
 0925:0152 idle  __huge_ldble
 0925:015C idle  __indefinite
 0925:005B idle  __Int0Vector
 0925:005F idle  __Int4Vector
 0925:0063 idle  __Int5Vector
 0925:0067 idle  __Int6Vector
 0000:12C6       __IOERROR
 0925:0141       __LDT
 0000:04ED       __LDTRUNC
 0000:1322       __LONGTOA
 0000:1090       __matherr
 0925:016A       __mathwhy
 0000:0293 idle  __MMODEL
 0925:059E       __nfile
 0925:05A0       __openfd
 0925:007D idle  __osmajor
 0925:007E idle  __osminor
 0925:007D idle  __osversion
 0000:0D96       __POW10
 0925:0140       __protected
 0925:007B       __psp
 0000:1F34       __REALCVT
 0925:06CA       __RealCvtVector
 0000:01C0       __restorezero
 0000:1EA9       __sbrk
 0925:06CE idle  __ScanTodVector
 0000:140E       __setupio
 0925:0081 idle  __StartTime
 0925:0626       __stklen
 0925:040E       __streams
 0000:016B       __terminate
 0925:0160 idle  __tiny_ldble
 0000:0000  Abs  __turboCvt
 0000:8087  Abs  __turboFloat
 0000:13A4 idle  __UTOA
 0925:007D       __version
 0000:14E0       __VPRINTER
 0000:2946       __write
 0000:0AD9       __XCVT
 0000:2982       __xfflush
 0925:0085 idle  ___brklvl
 0000:19C2 idle  ___first
 0000:0402 idle  ___fpreset
 0000:19C4 idle  ___last
 0000:19C6 idle  ___rover
 0925:0824       ___SignalPtr
 0000:27F5       ___write

  Address         Publics by Value

 0000:0000  Abs  __turboCvt
 0000:0000  Abs  __cvtfak
 0000:000C idle  __AHSHIFT
 0000:0157       __cleanup
 0000:016A       __checknull
 0000:016B       __terminate
 0000:01C0       __restorezero
 0000:027A       _abort
 0000:0291 idle  DGROUP@
 0000:0293 idle  __MMODEL
 0000:0402 idle  ___fpreset
 0000:04E9       __fpuint
 0000:04ED       __LDTRUNC
 0000:0632  Abs  FISRQQ
 0000:0AD9       __XCVT
 0000:0CE5       __fperror
 0000:0D96       __POW10
 0000:0E32 idle  FICRQQ
 0000:0E5F       _pow10
 0000:0E6A       _matherr
 0000:0E94 idle  __EXPL
 0000:0F03       _pow
 0000:1000 idle  __AHINCR
 0000:1090       __matherr
 0000:1139       F_FTOL@
 0000:1139 idle  FTOL@
 0000:1165 idle  _atexit
 0000:11EA       _exit
 0000:11F9       __exit
 0000:120B idle  __cexit
 0000:1219 idle  __c_exit
 0000:1225 idle  _getvect
 0000:1234       _setvect
 0000:1245       N_LXLSH@
 0000:1248 idle  LXLSH@
 0000:1248 idle  F_LXLSH@
 0000:1266       N_PADD@
 0000:1269 idle  F_PADD@
 0000:1269 idle  PADD@
 0000:1295 idle  N_PSUB@
 0000:1298 idle  F_PSUB@
 0000:1298 idle  PSUB@
 0000:12C6       __IOERROR
 0000:12FF idle  __DOSERROR
 0000:1311       _isatty
 0000:1322       __LONGTOA
 0000:13A4 idle  __UTOA
 0000:13C4       _lseek
 0000:13ED       N_PCMP@
 0000:140E       __setupio
 0000:14E0       __VPRINTER
 0000:1632  Abs  FIERQQ
 0000:19C2 idle  ___first
 0000:19C4 idle  ___last
 0000:19C6 idle  ___rover
 0000:1B02       _free
 0000:1B02 idle  _farfree
 0000:1C0C       _malloc
 0000:1C16 idle  _farmalloc
 0000:1D73 idle  _realloc
 0000:1D7A idle  _farrealloc
 0000:1E6A       __brk
 0000:1EA9       __sbrk
 0000:1F34       __REALCVT
 0000:1F38       _setblock
 0000:1F54       _fflush
 0000:2021       _flushall
 0000:2063       _fprintf
 0000:2101       _fseek
 0000:2181 idle  _ftell
 0000:2261       _memcpy
 0000:2285 idle  _setmem
 0000:22A9       _memset
 0000:22C8 idle  __fputc
 0000:22E4 idle  _fputc
 0000:2479 idle  _fputchar
 0000:248D       __FPUTN
 0000:2690       _setvbuf
 0000:27AD       _strcpy
 0000:27D6       _strlen
 0000:27F5       ___write
 0000:2946       __write
 0000:2982       __xfflush
 0000:4000 idle  FJARQQ
 0000:5C32  Abs  FIDRQQ
 0000:8000  Abs  FJSRQQ
 0000:8087  Abs  __turboFloat
 0000:8087 idle  __floatconvert
 0000:A23D  Abs  FIWRQQ
 0000:C000 idle  FJCRQQ
 0000:FE32 idle  FIARQQ
 029B:000A idle  can_isr()
 029B:010B idle  timer()
 029B:01B7 idle  ANALOG_INPUT_POINT::handle_class_inquiry(unsigned char far*,unsigned char far*)
 029B:0283 idle  ANALOG_INPUT_POINT::handle_explicit(unsigned char far*,unsigned char far*)
 029B:03B9 idle  ANALOG_INPUT_POINT::get_value()
 029B:03C6 idle  ANALOG_INPUT_POINT::select_mux(unsigned char)
 029B:0404 idle  ANALOG_INPUT_POINT::read_a2d()
 029B:0518 idle  ANALOG_INPUT_POINT::compute_value()
 029B:071F idle  CONNECTION::get_state()
 029B:072C idle  CONNECTION::get_timeout_action()
 029B:073A idle  CONNECTION::set_state(unsigned char)
 029B:0964 idle  CONNECTION::handle_class_inquiry(unsigned char far*,unsigned char far*)
 029B:0A30 idle  CONNECTION::handle_explicit(unsigned char far*,unsigned char far*)
 029B:1041 idle  CONNECTION::link_consumer(unsigned char far*)
 029B:1490 idle  CONNECTION::link_producer(unsigned char far*)
 029B:19BA idle  IDENTITY::handle_class_inquiry(unsigned char far*,unsigned char far*)
 029B:1A86 idle  IDENTITY::handle_explicit(unsigned char far*,unsigned char far*)
 029B:1E0D idle  IDENTITY::get_state()
 029B:1E1B idle  IDENTITY::device_self_test()
 029B:1F15 idle  IDENTITY::send_dup_mac_check_message()
 029B:1FD8 idle  IDENTITY::update_device()
 029B:22A3 idle  ASSEMBLY::handle_class_inquiry(unsigned char far*,unsigned char far*)
 029B:236F idle  ASSEMBLY::handle_explicit(unsigned char far*,unsigned char far*)
 029B:2451 idle  ASSEMBLY::update_data()
 029B:24A0 idle  ASSEMBLY::handle_io_poll_request(unsigned char far*,unsigned char far*)
 029B:24D5 idle  DEVICENET::handle_class_inquiry(unsigned char far*,unsigned char far*)
 029B:25A1 idle  DEVICENET::handle_timeout(unsigned char)
 029B:26ED idle  DEVICENET::handle_unconnected_port(unsigned char far*,unsigned char far*)
 029B:2A02 idle  DEVICENET::handle_explicit(unsigned char far*,unsigned char far*)
 029B:2BC4 idle  DEVICENET::send_dup_mac_response()
 029B:2C89 idle  DEVICENET::consume_dup_mac(unsigned char far*)
 029B:2CAE idle  ROUTER::handle_class_inquiry(unsigned char far*,unsigned char far*)
 029B:2D7A idle  ROUTER::handle_explicit(unsigned char far*,unsigned char far*)
 029B:2DEC idle  ROUTER::route(unsigned char far*,unsigned char far*)
 029B:3092 idle  init_can(unsigned char,unsigned char)
 029B:3528       _main
 0650:2152       e086_Entry
 0650:26E0       e086_Shortcut
 08C8:0306       e087_Entry
 08C8:03C6       e087_Shortcut
 08C8:0430       e087_Trap
 0925:0000 idle  DATASEG@
 0925:005B idle  __Int0Vector
 0925:005F idle  __Int4Vector
 0925:0063 idle  __Int5Vector
 0925:0067 idle  __Int6Vector
 0925:006B idle  __C0argc
 0925:006D idle  __C0argv
 0925:0071 idle  __C0environ
 0925:0075 idle  __envLng
 0925:0077 idle  __envseg
 0925:0079 idle  __envSize
 0925:007B       __psp
 0925:007D idle  __osversion
 0925:007D idle  __osmajor
 0925:007D       __version
 0925:007E idle  __osminor
 0925:007F       _errno
 0925:0081 idle  __StartTime
 0925:0085 idle  ___brklvl
 0925:0087       __heapbase
 0925:008B       __brklvl
 0925:008F       __heaptop
 0925:0094 idle  ANALOG_INPUT_POINT::class_revision
 0925:0096 idle  ASSEMBLY::class_revision
 0925:0098 idle  IDENTITY::class_revision
 0925:009A idle  DEVICENET::class_revision
 0925:009C idle  CONNECTION::class_revision
 0925:009E idle  ROUTER::class_revision
 0925:00A0 idle  CONNECTION::path
 0925:0130 idle  __8087
 0925:0140       __protected
 0925:0141       __LDT
 0925:0144       __default87
 0925:0146 idle  __huge_flt
 0925:014A       __huge_dble
 0925:0152 idle  __huge_ldble
 0925:015C idle  __indefinite
 0925:0160 idle  __tiny_ldble
 0925:016A       __mathwhy
 0925:02FE       __atexitcnt
 0925:0300       __ctype
 0925:0402       __exitbuf
 0925:0406 idle  __exitfopen
 0925:040A idle  __exitopen
 0925:040E       __streams
 0925:059E       __nfile
 0925:05A0       __openfd
 0925:05C8       __fpstklen
 0925:05CA idle  __doserrno
 0925:05CC idle  __dosErrorToSV
 0925:0626       __stklen
 0925:06CA       __RealCvtVector
 0925:06CE idle  __ScanTodVector
 0925:06EC idle  _global_CAN_buf
 0925:073C idle  _global_event
 0925:073E idle  _global_status
 0925:0740 idle  _global_timer
 0925:07A4       __atexittbl
 0925:0824       ___SignalPtr
 09A8:0000       __emu

Line numbers for DEVNET.OBJ(DEVNET.CPP) segment DEVNET_TEXT

    62 029B:000A    67 029B:001D    68 029B:0029    70 029B:003F
    72 029B:0047    75 029B:0062    76 029B:006D    77 029B:007F
    78 029B:008A    79 029B:0090    81 029B:0096    82 029B:0099
    85 029B:00BE    86 029B:00C9    87 029B:00D9    88 029B:00DC
    89 029B:00EC    90 029B:00FB    91 029B:0101   103 029B:010B
   108 029B:011B   109 029B:0125   111 029B:0130   112 029B:013B
   113 029B:0148   118 029B:014E   120 029B:0155   121 029B:0159
   124 029B:0165   126 029B:016C   127 029B:0170   130 029B:017D
   132 029B:0184   133 029B:0188   136 029B:0195   138 029B:019C
   139 029B:01A0   141 029B:01AD   187 029B:01B7   191 029B:01BD
   192 029B:01C9   193 029B:01D5   194 029B:01DA   196 029B:01EC
   199 029B:01F6   202 029B:0200   203 029B:020E   204 029B:021A
   205 029B:0224   206 029B:0231   207 029B:0239   210 029B:023B
   211 029B:0240   213 029B:0242   217 029B:0244   218 029B:0249
   221 029B:024B   223 029B:0251   224 029B:025F   225 029B:0267
   226 029B:0271   227 029B:0279   229 029B:0281   235 029B:0283
   239 029B:028A   240 029B:0296   241 029B:02A2   242 029B:02A7
   244 029B:02B9   247 029B:02C4   250 029B:02D9   251 029B:02E7
   252 029B:02F3   253 029B:0302   254 029B:030A   257 029B:030C
   258 029B:031A   259 029B:0326   260 029B:0334   261 029B:033C
   264 029B:033E   265 029B:034C   266 029B:0358   267 029B:0366
   268 029B:036E   271 029B:0370   272 029B:0375   274 029B:0377
   277 029B:0379   278 029B:037E   281 029B:0380   283 029B:0386
   284 029B:0394   285 029B:039C   286 029B:03A6   287 029B:03AE
   289 029B:03B6   294 029B:03B9   296 029B:03BC   297 029B:03C4
   304 029B:03C6   308 029B:03CF   309 029B:03D6   310 029B:03DC
   311 029B:03EC   312 029B:03F2   313 029B:0402   321 029B:0404
   329 029B:040B   330 029B:040D   331 029B:040F   332 029B:041A
   333 029B:041E   334 029B:0422   336 029B:0426   337 029B:0431
   338 029B:0433   339 029B:043F   340 029B:0448   341 029B:0453
   343 029B:0461   344 029B:046C   345 029B:047C   347 029B:048E
   349 029B:04A3   350 029B:04AC   351 029B:04B7   352 029B:04BD
   355 029B:04BF   356 029B:04C8   358 029B:04CE   360 029B:04E3
   361 029B:04EC   362 029B:04F7   363 029B:04FD   366 029B:04FF
   367 029B:0508   369 029B:050E   370 029B:0515   382 029B:0518
   391 029B:051E   393 029B:0526   397 029B:0530   401 029B:0560
   402 029B:0579   406 029B:057C   408 029B:0589   410 029B:059A
   412 029B:05B0   414 029B:05DF   416 029B:05F1   417 029B:0610
   420 029B:0630   422 029B:0644   425 029B:0647   426 029B:0660
   429 029B:0663   431 029B:0670   434 029B:0681   435 029B:0693
   438 029B:06A0   440 029B:06B2   441 029B:06D1   443 029B:06F1
   446 029B:0705   516 029B:071F   518 029B:0722   519 029B:072A
   522 029B:072C   524 029B:072F   525 029B:0738   529 029B:073A
   531 029B:073D   532 029B:0746   534 029B:075F   535 029B:0767
   536 029B:0770   537 029B:0779   538 029B:0781   539 029B:078A
   540 029B:0793   541 029B:079C   542 029B:07A4   543 029B:07AD
   544 029B:07B6   545 029B:07CC   546 029B:07E2   547 029B:07EB
   548 029B:07F3   549 029B:07FB   550 029B:0803   551 029B:080B
   552 029B:0821   553 029B:0837   554 029B:0840   555 029B:0854
   557 029B:085A   559 029B:0873   560 029B:087B   561 029B:0884
   562 029B:088D   563 029B:0895   564 029B:089E   565 029B:08A7
   566 029B:08B0   567 029B:08B8   568 029B:08C1   569 029B:08CA
   570 029B:08E2   571 029B:08EB   572 029B:08F3   573 029B:08FB
   574 029B:0903   575 029B:090B   576 029B:0921   577 029B:0937
   578 029B:0940   581 029B:0946   583 029B:094F   585 029B:0962
   590 029B:0964   594 029B:096A   595 029B:0976   596 029B:0982
   597 029B:0987   599 029B:0999   602 029B:09A3   605 029B:09AD
   606 029B:09BB   607 029B:09C7   608 029B:09D1   609 029B:09DE
   610 029B:09E6   613 029B:09E8   614 029B:09ED   616 029B:09EF
   620 029B:09F1   621 029B:09F6   624 029B:09F8   626 029B:09FE
   627 029B:0A0C   628 029B:0A14   629 029B:0A1E   630 029B:0A26
   632 029B:0A2E   636 029B:0A30   641 029B:0A38   642 029B:0A44
   643 029B:0A50   644 029B:0A55   646 029B:0A67   649 029B:0A7A
   652 029B:0A8D   653 029B:0A9B   654 029B:0AA7   655 029B:0AB6
   656 029B:0ABE   659 029B:0AC1   660 029B:0ACF   661 029B:0ADB
   662 029B:0AE9   663 029B:0AF1   666 029B:0AF4   667 029B:0B02
   668 029B:0B0E   669 029B:0B1C   670 029B:0B24   673 029B:0B27
   674 029B:0B35   675 029B:0B41   676 029B:0B4F   677 029B:0B60
   678 029B:0B68   681 029B:0B6B   682 029B:0B79   683 029B:0B85
   684 029B:0B93   685 029B:0BA4   686 029B:0BAC   689 029B:0BAF
   690 029B:0BBD   691 029B:0BC9   692 029B:0BD7   693 029B:0BDF
   696 029B:0BE2   697 029B:0BF0   698 029B:0BFC   699 029B:0C0A
   700 029B:0C1B   701 029B:0C23   704 029B:0C26   705 029B:0C34
   706 029B:0C40   707 029B:0C4E   708 029B:0C5F   709 029B:0C67
   712 029B:0C6A   713 029B:0C78   714 029B:0C84   715 029B:0C92
   716 029B:0CA3   717 029B:0CAB   720 029B:0CAE   721 029B:0CBC
   722 029B:0CC8   723 029B:0CD6   724 029B:0CDE   727 029B:0CE1
   728 029B:0CEF   729 029B:0CFB   730 029B:0D09   731 029B:0D1A
   732 029B:0D22   735 029B:0D25   736 029B:0D33   737 029B:0D3F
   740 029B:0D49   741 029B:0D51   744 029B:0D53   745 029B:0D71
   747 029B:0D79   750 029B:0D7C   751 029B:0D8A   752 029B:0D96
   753 029B:0DA4   754 029B:0DB5   755 029B:0DBD   758 029B:0DBF
   759 029B:0DCD   761 029B:0DD9   762 029B:0DE1   765 029B:0DE3
   766 029B:0DF1   767 029B:0DFD   768 029B:0E0B   769 029B:0E1C
   770 029B:0E24   774 029B:0E26   775 029B:0E2B   777 029B:0E2D
   781 029B:0E30   796 029B:0E43   797 029B:0E48   800 029B:0E4B
   803 029B:0E65   807 029B:0E74   808 029B:0E80   809 029B:0E8D
   812 029B:0E9B   814 029B:0EAE   817 029B:0EBD   818 029B:0EBD
   820 029B:0ED2   821 029B:0EE6   822 029B:0EE8   823 029B:0EEE
   824 029B:0EF0   826 029B:0F12   827 029B:0F20   828 029B:0F2C
   829 029B:0F3A   830 029B:0F4B   832 029B:0F53   835 029B:0F55
   836 029B:0F66   837 029B:0F66   840 029B:0F81   841 029B:0F8F
   842 029B:0F9D   843 029B:0FA9   845 029B:0FB1   849 029B:0FB3
   850 029B:0FB8   852 029B:0FBA   855 029B:0FBC   856 029B:0FC1
   859 029B:0FC3   861 029B:0FC9   862 029B:0FD7   863 029B:0FDF
   864 029B:0FE9   865 029B:0FF1   867 029B:0FF9   875 029B:1041
   880 029B:1048   881 029B:1062   883 029B:1070   886 029B:1092
   889 029B:109C   890 029B:10AE   896 029B:10B3   898 029B:10BC
   899 029B:10C4   900 029B:10CC   901 029B:10D4   902 029B:10DC
   903 029B:10E5   904 029B:10EB   909 029B:10F1   910 029B:10FD
   911 029B:1109   914 029B:1113   920 029B:1139   921 029B:1141
   922 029B:1155   926 029B:1158   929 029B:115E   930 029B:1166
   931 029B:116E   935 029B:1173   936 029B:117B   937 029B:1183
   938 029B:1199   939 029B:11B5   940 029B:11BC   942 029B:11C2
   943 029B:11E1   947 029B:11F3   949 029B:1205   950 029B:120D
   951 029B:1215   952 029B:121D   953 029B:1231   956 029B:1233
   957 029B:123B   958 029B:124F   960 029B:1256   965 029B:1259
   968 029B:1268   970 029B:127B   971 029B:1283   972 029B:1297
   975 029B:129A   977 029B:12A6   978 029B:12AE   979 029B:12B6
   984 029B:12B9   986 029B:12BF   987 029B:12DE   990 029B:12F0
   992 029B:1302   993 029B:130A   994 029B:1312   995 029B:131A
   996 029B:132E   999 029B:1330  1000 029B:1338  1001 029B:134C
  1004 029B:1353  1009 029B:1356  1014 029B:1368  1016 029B:1374
  1017 029B:137C  1018 029B:1384  1022 029B:1387  1024 029B:138D
  1025 029B:13AC  1029 029B:13BE  1031 029B:13D0  1032 029B:13D8
  1033 029B:13E0  1034 029B:13F6  1035 029B:13FE  1036 029B:1412
  1039 029B:1414  1040 029B:141C  1044 029B:1430  1045 029B:144A
  1046 029B:1458  1047 029B:1460  1048 029B:1468  1049 029B:147E
  1052 029B:1484  1056 029B:1486  1059 029B:1488  1060 029B:148D
  1068 029B:1490  1073 029B:1498  1075 029B:14A2  1078 029B:14AC
  1080 029B:14B2  1082 029B:14E2  1083 029B:14FA  1084 029B:1505
  1087 029B:1508  1089 029B:1515  1090 029B:151D  1093 029B:1528
  1094 029B:152E  1096 029B:1534  1098 029B:1562  1099 029B:157A
  1100 029B:1585  1103 029B:158B  1106 029B:1596  1107 029B:159E
  1108 029B:15A6  1109 029B:15AF  1111 029B:15B5  1114 029B:15B8
  1116 029B:15C5  1117 029B:15D1  1118 029B:15DB  1122 029B:15EA
  1124 029B:15F0  1125 029B:15F8  1126 029B:1600  1127 029B:1609
  1128 029B:160F  1134 029B:1612  1137 029B:1622  1138 029B:162A
  1139 029B:1632  1140 029B:163B  1141 029B:1641  1146 029B:1644
  1147 029B:1655  1148 029B:165C  1149 029B:1665  1151 029B:166B
  1152 029B:1676  1153 029B:1689  1155 029B:168F  1156 029B:169B
  1157 029B:16AE  1158 029B:16B2  1161 029B:16B4  1162 029B:16C0
  1163 029B:16D3  1166 029B:16DB  1168 029B:16E1  1169 029B:16FE
  1170 029B:1725  1172 029B:1737  1173 029B:173D  1174 029B:1755
  1178 029B:1760  1183 029B:1763  1185 029B:176D  1186 029B:1771
  1187 029B:1789  1188 029B:17A2  1189 029B:17AD  1190 029B:17C5
  1191 029B:17D0  1197 029B:17D3  1199 029B:17DD  1200 029B:17E1
  1201 029B:17F9  1202 029B:1812  1203 029B:181D  1204 029B:1835
  1205 029B:1840  1209 029B:1843  1212 029B:1849  1214 029B:184F
  1216 029B:1883  1217 029B:189B  1218 029B:18A6  1222 029B:18A9
  1225 029B:18B2  1226 029B:18CC  1227 029B:18D0  1228 029B:18D8
  1229 029B:18E0  1231 029B:18E9  1232 029B:18F4  1233 029B:1907
  1235 029B:190E  1236 029B:191A  1238 029B:192D  1240 029B:1933
  1241 029B:1950  1242 029B:1977  1244 029B:1987  1245 029B:198D
  1246 029B:19A5  1247 029B:19B0  1249 029B:19B6  1315 029B:19BA
  1319 029B:19C0  1320 029B:19CC  1321 029B:19D8  1322 029B:19DD
  1324 029B:19EF  1327 029B:19F9  1330 029B:1A03  1331 029B:1A11
  1332 029B:1A1D  1333 029B:1A27  1334 029B:1A34  1335 029B:1A3C
  1338 029B:1A3E  1339 029B:1A43  1341 029B:1A45  1345 029B:1A47
  1346 029B:1A4C  1349 029B:1A4E  1351 029B:1A54  1352 029B:1A62
  1353 029B:1A6A  1354 029B:1A74  1355 029B:1A7C  1357 029B:1A84
  1361 029B:1A86  1366 029B:1A8D  1367 029B:1A99  1368 029B:1AA5
  1369 029B:1AAA  1371 029B:1ABC  1374 029B:1ACF  1377 029B:1AE2
  1378 029B:1AF0  1379 029B:1AFC  1380 029B:1B0B  1381 029B:1B1B
  1382 029B:1B23  1385 029B:1B26  1386 029B:1B34  1387 029B:1B40
  1388 029B:1B4E  1389 029B:1B5F  1390 029B:1B67  1393 029B:1B6A
  1394 029B:1B78  1395 029B:1B84  1396 029B:1B92  1397 029B:1BA3
  1398 029B:1BAB  1401 029B:1BAE  1402 029B:1BBC  1403 029B:1BC8
  1404 029B:1BD6  1405 029B:1BE4  1406 029B:1BEC  1409 029B:1BEF
  1410 029B:1BFD  1411 029B:1C09  1412 029B:1C17  1413 029B:1C28
  1414 029B:1C30  1417 029B:1C33  1418 029B:1C41  1419 029B:1C4D
  1420 029B:1C5B  1421 029B:1C6E  1422 029B:1C81  1423 029B:1C94
  1424 029B:1C9C  1427 029B:1C9F  1428 029B:1CAD  1429 029B:1CB9
  1430 029B:1CD2  1431 029B:1CEE  1432 029B:1CFE  1435 029B:1D00
  1436 029B:1D0E  1437 029B:1D1A  1438 029B:1D28  1439 029B:1D30
  1443 029B:1D32  1444 029B:1D37  1446 029B:1D39  1451 029B:1D3C
  1452 029B:1D4C  1454 029B:1D56  1457 029B:1D5C  1458 029B:1D6A
  1459 029B:1D76  1460 029B:1D7E  1461 029B:1D84  1462 029B:1D86
  1466 029B:1D8C  1467 029B:1D9A  1468 029B:1DA6  1469 029B:1DAE
  1470 029B:1DB4  1471 029B:1DB6  1472 029B:1DBB  1476 029B:1DBD
  1477 029B:1DC2  1480 029B:1DC4  1482 029B:1DCA  1483 029B:1DD8
  1484 029B:1DE0  1485 029B:1DEA  1486 029B:1DF2  1488 029B:1DFA
  1494 029B:1E0D  1496 029B:1E10  1497 029B:1E19  1504 029B:1E1B
  1509 029B:1E21  1512 029B:1E4D  1513 029B:1E58  1517 029B:1E5B
  1518 029B:1E66  1522 029B:1E68  1523 029B:1E73  1527 029B:1E75
  1528 029B:1E80  1532 029B:1E82  1533 029B:1E8D  1537 029B:1E8F
  1538 029B:1E9A  1542 029B:1E9C  1543 029B:1EA7  1547 029B:1EA9
  1548 029B:1EAE  1550 029B:1EB6  1552 029B:1EBB  1553 029B:1EC3
  1554 029B:1ECE  1558 029B:1ED0  1559 029B:1ED8  1562 029B:1EE3
  1569 029B:1F15  1574 029B:1F1B  1577 029B:1F26  1578 029B:1F31
  1579 029B:1F47  1580 029B:1F60  1581 029B:1F77  1582 029B:1F93
  1583 029B:1FAF  1584 029B:1FCB  1586 029B:1FD6  1593 029B:1FD8
  1600 029B:1FDE  1601 029B:1FF9  1603 029B:1FF9  1605 029B:2014
  1610 029B:202A  1613 029B:2055  1614 029B:2062  1617 029B:2064
  1618 029B:2071  1621 029B:2073  1622 029B:2078  1624 029B:207A
  1628 029B:2082  1631 029B:2090  1632 029B:209D  1635 029B:20A5
  1636 029B:20AD  1637 029B:20B9  1638 029B:20BD  1639 029B:20C1
  1640 029B:20D4  1641 029B:20D6  1644 029B:20DE  1645 029B:20E6
  1646 029B:20F2  1647 029B:20F6  1648 029B:20FA  1653 029B:210D
  1654 029B:2122  1656 029B:2137  1659 029B:213F  1660 029B:214B
  1661 029B:214F  1663 029B:2153  1664 029B:2166  1665 029B:2169
  1668 029B:2171  1669 029B:217D  1670 029B:2181  1671 029B:2194
  1672 029B:2197  1675 029B:219D  1676 029B:21A9  1678 029B:21BC
  1679 029B:21C0  1680 029B:21C4  1681 029B:21D7  1684 029B:21D9
  1685 029B:21DD  1687 029B:21F0  1688 029B:21F3  1689 029B:21F3
  1692 029B:21FF  1693 029B:220B  1695 029B:221E  1696 029B:2222
  1697 029B:2226  1698 029B:2239  1701 029B:223B  1702 029B:223F
  1704 029B:2252  1705 029B:2254  1706 029B:2254  1710 029B:2260
  1711 029B:226C  1712 029B:2270  1713 029B:2274  1716 029B:2287
  1717 029B:228F  1761 029B:22A3  1765 029B:22A9  1766 029B:22B5
  1767 029B:22C1  1768 029B:22C6  1770 029B:22D8  1773 029B:22E2
  1776 029B:22EC  1777 029B:22FA  1778 029B:2306  1779 029B:2310
  1780 029B:231D  1781 029B:2325  1784 029B:2327  1785 029B:232C
  1787 029B:232E  1791 029B:2330  1792 029B:2335  1795 029B:2337
  1797 029B:233D  1798 029B:234B  1799 029B:2353  1800 029B:235D
  1801 029B:2365  1803 029B:236D  1809 029B:236F  1813 029B:2376
  1814 029B:2382  1815 029B:238E  1816 029B:2393  1818 029B:23A5
  1821 029B:23AF  1824 029B:23B9  1825 029B:23C7  1826 029B:23D3
  1827 029B:23E2  1828 029B:23F0  1829 029B:23FE  1830 029B:2406
  1833 029B:2408  1834 029B:240D  1836 029B:240F  1840 029B:2411
  1841 029B:2416  1844 029B:2418  1846 029B:241E  1847 029B:242C
  1848 029B:2434  1849 029B:243E  1850 029B:2446  1852 029B:244E
  1858 029B:2451  1862 029B:2454  1863 029B:246C  1864 029B:2485
  1865 029B:249E  1870 029B:24A0  1874 029B:24A3  1875 029B:24B5
  1876 029B:24CB  1877 029B:24D3  1937 029B:24D5  1941 029B:24DB
  1942 029B:24E7  1943 029B:24F3  1944 029B:24F8  1946 029B:250A
  1949 029B:2514  1952 029B:251E  1953 029B:252C  1954 029B:2538
  1955 029B:2542  1956 029B:254F  1957 029B:2557  1960 029B:2559
  1961 029B:255E  1963 029B:2560  1967 029B:2562  1968 029B:2567
  1971 029B:2569  1973 029B:256F  1974 029B:257D  1975 029B:2585
  1976 029B:258F  1977 029B:2597  1979 029B:259F  1988 029B:25A1
  1992 029B:25A7  1994 029B:25B0  1997 029B:25C4  1998 029B:25C4
  2000 029B:25E6  2001 029B:25EE  2002 029B:2601  2005 029B:2603
  2007 029B:261F  2011 029B:2632  2013 029B:2638  2014 029B:2640
  2016 029B:2654  2018 029B:2669  2019 029B:2671  2024 029B:2684
  2025 029B:2684  2027 029B:26AF  2028 029B:26C2  2029 029B:26D6
  2030 029B:26DE  2031 029B:26E3  2033 029B:26EB  2039 029B:26ED
  2044 029B:26F3  2045 029B:26FF  2046 029B:2704  2047 029B:2708
  2053 029B:271A  2057 029B:272D  2058 029B:2737  2059 029B:2743
  2060 029B:2743  2062 029B:2759  2063 029B:275E  2064 029B:2762
  2065 029B:2765  2067 029B:276B  2068 029B:2770  2069 029B:2774
  2071 029B:2777  2073 029B:2783  2074 029B:2788  2075 029B:278C
  2077 029B:278F  2079 029B:2795  2080 029B:279A  2081 029B:279E
  2083 029B:27A1  2084 029B:27A1  2086 029B:27B1  2087 029B:27B6
  2088 029B:27BA  2090 029B:27BD  2092 029B:27C3  2093 029B:27C8
  2094 029B:27CC  2096 029B:27CF  2097 029B:27CF  2099 029B:27EF
  2100 029B:27F4  2101 029B:27F8  2104 029B:27FA  2105 029B:2804
  2108 029B:2809  2110 029B:280F  2111 029B:2817  2114 029B:282A
  2116 029B:2830  2117 029B:2838  2121 029B:284C  2122 029B:285A
  2123 029B:2866  2124 029B:286E  2126 029B:2876  2131 029B:2879
  2132 029B:2883  2134 029B:2889  2135 029B:288E  2136 029B:2892
  2138 029B:2895  2140 029B:289B  2141 029B:28A0  2142 029B:28A4
  2144 029B:28A7  2147 029B:28A7  2149 029B:28DE  2150 029B:28E3
  2151 029B:28E7  2154 029B:28EA  2156 029B:28F0  2157 029B:28F8
  2159 029B:290B  2161 029B:2911  2162 029B:2919  2165 029B:292D
  2166 029B:292D  2168 029B:2958  2169 029B:296B  2170 029B:297F
  2171 029B:2987  2172 029B:298C  2175 029B:2994  2176 029B:29A2
  2177 029B:29AE  2179 029B:29B6  2183 029B:29B8  2184 029B:29BD
  2185 029B:29C1  2188 029B:29C3  2190 029B:29C9  2191 029B:29D7
  2192 029B:29DF  2193 029B:29E9  2194 029B:29F3  2196 029B:29FB
  2197 029B:2A00  2203 029B:2A02  2207 029B:2A08  2208 029B:2A14
  2209 029B:2A20  2210 029B:2A25  2212 029B:2A37  2215 029B:2A52
  2218 029B:2A65  2219 029B:2A73  2220 029B:2A7F  2221 029B:2A8D
  2222 029B:2A95  2225 029B:2A98  2226 029B:2AA6  2227 029B:2AB2
  2228 029B:2AC0  2229 029B:2AC8  2232 029B:2ACA  2233 029B:2AD8
  2234 029B:2AE4  2235 029B:2AF2  2236 029B:2AFA  2239 029B:2AFC
  2240 029B:2B0A  2241 029B:2B16  2242 029B:2B24  2243 029B:2B32
  2244 029B:2B3A  2247 029B:2B3C  2248 029B:2B41  2250 029B:2B43
  2256 029B:2B45  2257 029B:2B5E  2263 029B:2B60  2264 029B:2B79
  2269 029B:2B7B  2270 029B:2B80  2273 029B:2B82  2275 029B:2B88
  2276 029B:2B96  2277 029B:2B9E  2278 029B:2BA8  2279 029B:2BB0
  2281 029B:2BB8  2288 029B:2BC4  2292 029B:2BCA  2295 029B:2BD5
  2296 029B:2BE0  2297 029B:2BF7  2298 029B:2C11  2299 029B:2C28
  2300 029B:2C44  2301 029B:2C60  2303 029B:2C7C  2304 029B:2C87
  2308 029B:2C89  2312 029B:2C8C  2313 029B:2C8C  2315 029B:2C9D
  2316 029B:2CA3  2318 029B:2CA7  2319 029B:2CAC  2370 029B:2CAE
  2374 029B:2CB4  2375 029B:2CC0  2376 029B:2CCC  2377 029B:2CD1
  2379 029B:2CE3  2382 029B:2CED  2385 029B:2CF7  2386 029B:2D05
  2387 029B:2D11  2388 029B:2D1B  2389 029B:2D28  2390 029B:2D30
  2393 029B:2D32  2394 029B:2D37  2396 029B:2D39  2400 029B:2D3B
  2401 029B:2D40  2404 029B:2D42  2406 029B:2D48  2407 029B:2D56
  2408 029B:2D5E  2409 029B:2D68  2410 029B:2D70  2412 029B:2D78
  2417 029B:2D7A  2421 029B:2D80  2422 029B:2D8C  2423 029B:2D98
  2424 029B:2D9D  2426 029B:2DAF  2428 029B:2DB4  2430 029B:2DBA
  2431 029B:2DC8  2432 029B:2DD0  2433 029B:2DDA  2434 029B:2DE2
  2436 029B:2DEA  2442 029B:2DEC  2446 029B:2DF3  2447 029B:2DFF
  2448 029B:2E0A  2449 029B:2E0F  2451 029B:2E21  2454 029B:2E34
  2457 029B:2E46  2458 029B:2E59  2461 029B:2E5B  2462 029B:2E78
  2465 029B:2E7A  2466 029B:2E98  2469 029B:2E9A  2470 029B:2E9F
  2472 029B:2EA1  2476 029B:2EA4  2479 029B:2EB1  2480 029B:2EC4
  2483 029B:2EC6  2484 029B:2EE4  2487 029B:2EE6  2488 029B:2EEB
  2490 029B:2EED  2495 029B:2EF0  2498 029B:2EFD  2499 029B:2F10
  2502 029B:2F12  2503 029B:2F30  2506 029B:2F32  2507 029B:2F37
  2509 029B:2F39  2513 029B:2F3C  2516 029B:2F49  2517 029B:2F5C
  2520 029B:2F5E  2521 029B:2F7C  2524 029B:2F7E  2525 029B:2F83
  2527 029B:2F85  2531 029B:2F88  2534 029B:2F9A  2535 029B:2FAD
  2538 029B:2FAF  2539 029B:2FCD  2542 029B:2FCF  2543 029B:2FED
  2546 029B:2FEF  2547 029B:2FF4  2549 029B:2FF6  2553 029B:2FF8
  2556 029B:3005  2557 029B:3018  2560 029B:301A  2561 029B:3033
  2564 029B:3035  2565 029B:303A  2568 029B:303C  2572 029B:303E
  2573 029B:3043  2576 029B:3045  2578 029B:304B  2579 029B:3059
  2580 029B:3061  2581 029B:306B  2582 029B:3073  2584 029B:307B
  2598 029B:3092  2605 029B:309B  2607 029B:30B0  2608 029B:30B6
  2609 029B:30BC  2610 029B:30C2  2613 029B:30C8  2614 029B:30D3
  2615 029B:30DE  2616 029B:30E9  2617 029B:30F4  2618 029B:30FF
  2619 029B:3114  2620 029B:311F  2621 029B:312A  2622 029B:3135
  2623 029B:3140  2624 029B:314B  2625 029B:3156  2626 029B:3161
  2627 029B:316C  2628 029B:3177  2629 029B:3182  2634 029B:318D
  2635 029B:3193  2636 029B:319E  2637 029B:31A9  2638 029B:31B9
  2639 029B:31C4  2640 029B:31CF  2641 029B:31DA  2642 029B:31E5
  2644 029B:31F0  2645 029B:31F6  2646 029B:3201  2647 029B:320C
  2648 029B:321C  2649 029B:3227  2650 029B:3232  2651 029B:323D
  2652 029B:3248  2654 029B:3253  2655 029B:3259  2656 029B:3264
  2657 029B:326F  2658 029B:327F  2659 029B:328A  2660 029B:3295
  2661 029B:32A0  2662 029B:32AB  2664 029B:32B6  2665 029B:32BC
  2666 029B:32C7  2667 029B:32D2  2668 029B:32E2  2669 029B:32ED
  2670 029B:32F8  2671 029B:3303  2672 029B:330E  2674 029B:3319
  2675 029B:3323  2676 029B:332C  2677 029B:3330  2678 029B:333A
  2679 029B:3345  2680 029B:3350  2681 029B:3363  2682 029B:3379
  2683 029B:3384  2684 029B:338F  2685 029B:339A  2687 029B:33A5
  2688 029B:33AB  2689 029B:33B6  2690 029B:33C1  2691 029B:33D1
  2692 029B:33DC  2693 029B:33E7  2694 029B:33F2  2695 029B:33FD
  2697 029B:3408  2698 029B:340E  2699 029B:3419  2700 029B:3424
  2701 029B:3434  2702 029B:343F  2703 029B:344A  2704 029B:3455
  2705 029B:3460  2707 029B:346B  2708 029B:3476  2710 029B:3481
  2711 029B:348C  2713 029B:3497  2714 029B:34A2  2716 029B:34AD
  2717 029B:34B8  2719 029B:34C3  2720 029B:34CE  2722 029B:34D9
  2723 029B:34E4  2725 029B:34EF  2726 029B:34FA  2728 029B:3505
  2729 029B:3510  2732 029B:351B  2734 029B:3526  2754 029B:3528
  2764 029B:3531  2765 029B:3536  2767 029B:353E  2771 029B:353F
  2772 029B:354F  2773 029B:3555  2774 029B:355B  2775 029B:3561
  2776 029B:3567  2777 029B:356D  2781 029B:3573  2784 029B:357E
  2789 029B:3589  2791 029B:3594  2792 029B:35A0  2793 029B:35A8
  2797 029B:35B0  2798 029B:35BB  2799 029B:35C7  2801 029B:35CF
  2803 029B:35EA  2806 029B:35F9  2807 029B:3600  2808 029B:3608
  2809 029B:360F  2810 029B:361F  2816 029B:362F  2817 029B:3648
  2818 029B:3661  2819 029B:3688  2820 029B:36AF  2821 029B:3714
  2822 029B:37A1  2823 029B:37C3  2824 029B:37C3  2829 029B:3815
  2830 029B:381B  2834 029B:3821  2835 029B:3828  2836 029B:382F
  2837 029B:3836  2839 029B:383D  2845 029B:383E  2846 029B:3845
  2858 029B:384C  2859 029B:3850  2861 029B:385C  2863 029B:3861
  2866 029B:3871  2867 029B:3872  2868 029B:3885  2869 029B:3886
  2871 029B:389C  2872 029B:38B4  2879 029B:38C7  2880 029B:38CB
  2882 029B:38DA  2884 029B:38DF  2887 029B:38EF  2890 029B:3901
  2891 029B:3902  2892 029B:3915  2893 029B:3916  2895 029B:392C
  2896 029B:3944  2904 029B:3957  2905 029B:395B  2907 029B:3967
  2910 029B:396C  2911 029B:396D  2912 029B:3980  2913 029B:3981
  2916 029B:3997  2922 029B:39A4  2923 029B:39A8  2925 029B:39BA
  2927 029B:39BF  2930 029B:39D5  2931 029B:39D6  2932 029B:39E9
  2933 029B:39EA  2938 029B:3A06  2939 029B:3A0D  2941 029B:3A13
  2943 029B:3A46  2944 029B:3A5E  2951 029B:3A69  2952 029B:3A6D
  2954 029B:3A79  2955 029B:3A7E  2960 029B:3A8D  2961 029B:3A91
  2963 029B:3A9D  2964 029B:3AA3  2971 029B:3AB2  2972 029B:3AB6
  2974 029B:3AC2  2975 029B:3AC8  2976 029B:3ACE  2977 029B:3ADB
  2978 029B:3AE7  2979 029B:3AF3  2984 029B:3B00  2985 029B:3B04
  2987 029B:3B10  2989 029B:3B16  2990 029B:3B1A  2995 029B:3B2C
  2996 029B:3B30  2998 029B:3B3C  3003 029B:3B47
Program entry point at 0000:0000

